

================================================================
== Synthesis Summary Report of 'compute_matrices'
================================================================
+ General Information: 
    * Date:           Tue May 27 11:19:10 2025
    * Version:        2020.2 (Build 3064766 on Wed Nov 18 09:12:47 MST 2020)
    * Project:        max_loop
    * Solution:       solution1 (Vivado IP Flow Target)
    * Product family: zynq
    * Target device:  xc7z020-clg484-1
    

+ Performance & Resource Estimates: 
    
    PS: '+' for module; 'o' for loop; '*' for dataflow
    +--------------------+------+-------+---------+-----------+----------+---------+-------+----------+----------+----+-----------+-------------+-----+
    |       Modules      | Issue|       | Latency |  Latency  | Iteration|         |  Trip |          |          |    |           |             |     |
    |       & Loops      | Type | Slack | (cycles)|    (ns)   |  Latency | Interval| Count | Pipelined|   BRAM   | DSP|     FF    |     LUT     | URAM|
    +--------------------+------+-------+---------+-----------+----------+---------+-------+----------+----------+----+-----------+-------------+-----+
    |+ compute_matrices  |     -|  -0.03|  1246224|  1.246e+07|         -|  1246225|      -|        no|  99 (35%)|   -|  5357 (5%)|  15672 (29%)|    -|
    | o Loop 1           |     -|  -7.30|       66|    660.000|         2|        -|     33|        no|         -|   -|          -|            -|    -|
    | o Loop 2           |     -|  -7.30|       66|    660.000|         2|        -|     33|        no|         -|   -|          -|            -|    -|
    | o Loop 3           |     -|  -7.30|       33|    330.000|         1|        -|     33|        no|         -|   -|          -|            -|    -|
    | o Loop 4           |     -|  -7.30|   196794|  1.968e+06|         3|        -|  65598|        no|         -|   -|          -|            -|    -|
    | o Loop 5           |     -|  -7.30|       64|    640.000|         2|        -|     32|        no|         -|   -|          -|            -|    -|
    | o Loop 6           |     -|  -7.30|       64|    640.000|         2|        -|     32|        no|         -|   -|          -|            -|    -|
    | o OUTER_LOOP       |    II|  -7.30|  1049076|  1.049e+07|        21|       16|  65567|       yes|         -|   -|          -|            -|    -|
    | o MAX_LOOP         |     -|  -7.30|       34|    340.000|         3|        1|     32|       yes|         -|   -|          -|            -|    -|
    +--------------------+------+-------+---------+-----------+----------+---------+-------+----------+----------+----+-----------+-------------+-----+

